Archive member included because of file (symbol)

c:/avr/winavr/bin/../lib/gcc/avr/4.3.3/avr4\libgcc.a(_udivmodhi4.o)
                              main.o (__udivmodhi4)
c:/avr/winavr/bin/../lib/gcc/avr/4.3.3/avr4\libgcc.a(_udivmodsi4.o)
                              usart_send.o (__udivmodsi4)
c:/avr/winavr/bin/../lib/gcc/avr/4.3.3/avr4\libgcc.a(_exit.o)
                              c:/avr/winavr/bin/../lib/gcc/avr/4.3.3/../../../../avr/lib/avr4/crtm8.o (exit)
c:/avr/winavr/bin/../lib/gcc/avr/4.3.3/avr4\libgcc.a(_copy_data.o)
                              main.o (__do_copy_data)
c:/avr/winavr/bin/../lib/gcc/avr/4.3.3/avr4\libgcc.a(_clear_bss.o)
                              main.o (__do_clear_bss)
c:/avr/winavr/bin/../lib/gcc/avr/4.3.3/../../../../avr/lib/avr4\libc.a(atoi.o)
                              usart_send.o (atoi)
c:/avr/winavr/bin/../lib/gcc/avr/4.3.3/../../../../avr/lib/avr4\libc.a(strcat.o)
                              usart_send.o (strcat)
c:/avr/winavr/bin/../lib/gcc/avr/4.3.3/../../../../avr/lib/avr4\libc.a(strcpy.o)
                              usart_send.o (strcpy)
c:/avr/winavr/bin/../lib/gcc/avr/4.3.3/../../../../avr/lib/avr4\libc.a(itoa.o)
                              usart_send.o (itoa)
c:/avr/winavr/bin/../lib/gcc/avr/4.3.3/../../../../avr/lib/avr4\libc.a(mul10.o)
                              c:/avr/winavr/bin/../lib/gcc/avr/4.3.3/../../../../avr/lib/avr4\libc.a(atoi.o) (__mulhi_const_10)
c:/avr/winavr/bin/../lib/gcc/avr/4.3.3/../../../../avr/lib/avr4\libc.a(strrev.o)
                              c:/avr/winavr/bin/../lib/gcc/avr/4.3.3/../../../../avr/lib/avr4\libc.a(itoa.o) (strrev)

Allocating common symbols
Common symbol       size              file

ticker              0x1               main.o
usart_status        0x1               main.o
usart_rx_buffer     0x14              main.o

Memory Configuration

Name             Origin             Length             Attributes
text             0x00000000         0x00002000         xr
data             0x00800060         0x0000ffa0         rw !x
eeprom           0x00810000         0x00010000         rw !x
fuse             0x00820000         0x00000400         rw !x
lock             0x00830000         0x00000400         rw !x
signature        0x00840000         0x00000400         rw !x
*default*        0x00000000         0xffffffff

Linker script and memory map

LOAD c:/avr/winavr/bin/../lib/gcc/avr/4.3.3/../../../../avr/lib/avr4/crtm8.o
LOAD main.o
LOAD usart_send.o
LOAD c:/avr/winavr/bin/../lib/gcc/avr/4.3.3/../../../../avr/lib/avr4\libm.a
LOAD c:/avr/winavr/bin/../lib/gcc/avr/4.3.3/avr4\libgcc.a
LOAD c:/avr/winavr/bin/../lib/gcc/avr/4.3.3/../../../../avr/lib/avr4\libc.a
LOAD c:/avr/winavr/bin/../lib/gcc/avr/4.3.3/avr4\libgcc.a

.hash
 *(.hash)

.dynsym
 *(.dynsym)

.dynstr
 *(.dynstr)

.gnu.version
 *(.gnu.version)

.gnu.version_d
 *(.gnu.version_d)

.gnu.version_r
 *(.gnu.version_r)

.rel.init
 *(.rel.init)

.rela.init
 *(.rela.init)

.rel.text
 *(.rel.text)
 *(.rel.text.*)
 *(.rel.gnu.linkonce.t*)

.rela.text
 *(.rela.text)
 *(.rela.text.*)
 *(.rela.gnu.linkonce.t*)

.rel.fini
 *(.rel.fini)

.rela.fini
 *(.rela.fini)

.rel.rodata
 *(.rel.rodata)
 *(.rel.rodata.*)
 *(.rel.gnu.linkonce.r*)

.rela.rodata
 *(.rela.rodata)
 *(.rela.rodata.*)
 *(.rela.gnu.linkonce.r*)

.rel.data
 *(.rel.data)
 *(.rel.data.*)
 *(.rel.gnu.linkonce.d*)

.rela.data
 *(.rela.data)
 *(.rela.data.*)
 *(.rela.gnu.linkonce.d*)

.rel.ctors
 *(.rel.ctors)

.rela.ctors
 *(.rela.ctors)

.rel.dtors
 *(.rel.dtors)

.rela.dtors
 *(.rela.dtors)

.rel.got
 *(.rel.got)

.rela.got
 *(.rela.got)

.rel.bss
 *(.rel.bss)

.rela.bss
 *(.rela.bss)

.rel.plt
 *(.rel.plt)

.rela.plt
 *(.rela.plt)

.text           0x00000000      0x76e
 *(.vectors)
 .vectors       0x00000000       0x26 c:/avr/winavr/bin/../lib/gcc/avr/4.3.3/../../../../avr/lib/avr4/crtm8.o
                0x00000000                __vectors
                0x00000000                __vector_default
 *(.vectors)
 *(.progmem.gcc*)
 *(.progmem*)
                0x00000026                . = ALIGN (0x2)
                0x00000026                __trampolines_start = .
 *(.trampolines)
 .trampolines   0x00000026        0x0 linker stubs
 *(.trampolines*)
                0x00000026                __trampolines_end = .
 *(.jumptables)
 *(.jumptables*)
 *(.lowtext)
 *(.lowtext*)
                0x00000026                __ctors_start = .
 *(.ctors)
                0x00000026                __ctors_end = .
                0x00000026                __dtors_start = .
 *(.dtors)
                0x00000026                __dtors_end = .
 SORT(*)(.ctors)
 SORT(*)(.dtors)
 *(.init0)
 .init0         0x00000026        0x0 c:/avr/winavr/bin/../lib/gcc/avr/4.3.3/../../../../avr/lib/avr4/crtm8.o
                0x00000026                __init
 *(.init0)
 *(.init1)
 *(.init1)
 *(.init2)
 .init2         0x00000026        0xc c:/avr/winavr/bin/../lib/gcc/avr/4.3.3/../../../../avr/lib/avr4/crtm8.o
 *(.init2)
 *(.init3)
 *(.init3)
 *(.init4)
 .init4         0x00000032       0x16 c:/avr/winavr/bin/../lib/gcc/avr/4.3.3/avr4\libgcc.a(_copy_data.o)
                0x00000032                __do_copy_data
 .init4         0x00000048       0x10 c:/avr/winavr/bin/../lib/gcc/avr/4.3.3/avr4\libgcc.a(_clear_bss.o)
                0x00000048                __do_clear_bss
 *(.init4)
 *(.init5)
 *(.init5)
 *(.init6)
 *(.init6)
 *(.init7)
 *(.init7)
 *(.init8)
 *(.init8)
 *(.init9)
 .init9         0x00000058        0x4 c:/avr/winavr/bin/../lib/gcc/avr/4.3.3/../../../../avr/lib/avr4/crtm8.o
 *(.init9)
 *(.text)
 .text          0x0000005c        0x2 c:/avr/winavr/bin/../lib/gcc/avr/4.3.3/../../../../avr/lib/avr4/crtm8.o
                0x0000005c                __vector_12
                0x0000005c                __bad_interrupt
                0x0000005c                __vector_6
                0x0000005c                __vector_3
                0x0000005c                __vector_11
                0x0000005c                __vector_13
                0x0000005c                __vector_17
                0x0000005c                __vector_7
                0x0000005c                __vector_5
                0x0000005c                __vector_4
                0x0000005c                __vector_2
                0x0000005c                __vector_15
                0x0000005c                __vector_8
                0x0000005c                __vector_10
                0x0000005c                __vector_16
                0x0000005c                __vector_18
 .text          0x0000005e      0x3ea main.o
                0x0000012e                __vector_1
                0x0000021a                disable_int0
                0x00000222                get_battery_state
                0x0000020c                enable_int0_downendge
                0x0000015c                enable_pwm
                0x000002e6                main
                0x0000006c                __vector_9
                0x00000106                adc_start_conversion
                0x00000166                dim_up
                0x0000005e                adc_init
                0x000002ae                setup
                0x000001c2                dim_down
                0x00000124                stop_timer0
                0x000001fe                enable_int0_level
                0x000000d0                __vector_14
                0x00000116                start_timer0
 .text          0x00000448      0x1ea usart_send.o
                0x000004a4                usart_write_P
                0x0000047a                usart_write_char
                0x00000448                usart_init
                0x0000048c                usart_write_str
 .text          0x00000632        0x0 c:/avr/winavr/bin/../lib/gcc/avr/4.3.3/avr4\libgcc.a(_udivmodhi4.o)
 .text          0x00000632        0x0 c:/avr/winavr/bin/../lib/gcc/avr/4.3.3/avr4\libgcc.a(_udivmodsi4.o)
 .text          0x00000632        0x0 c:/avr/winavr/bin/../lib/gcc/avr/4.3.3/avr4\libgcc.a(_exit.o)
 .text          0x00000632        0x0 c:/avr/winavr/bin/../lib/gcc/avr/4.3.3/avr4\libgcc.a(_copy_data.o)
 .text          0x00000632        0x0 c:/avr/winavr/bin/../lib/gcc/avr/4.3.3/avr4\libgcc.a(_clear_bss.o)
 .text          0x00000632        0x0 c:/avr/winavr/bin/../lib/gcc/avr/4.3.3/../../../../avr/lib/avr4\libc.a(atoi.o)
 .text          0x00000632        0x0 c:/avr/winavr/bin/../lib/gcc/avr/4.3.3/../../../../avr/lib/avr4\libc.a(strcat.o)
 .text          0x00000632        0x0 c:/avr/winavr/bin/../lib/gcc/avr/4.3.3/../../../../avr/lib/avr4\libc.a(strcpy.o)
 .text          0x00000632        0x0 c:/avr/winavr/bin/../lib/gcc/avr/4.3.3/../../../../avr/lib/avr4\libc.a(itoa.o)
 .text          0x00000632        0x0 c:/avr/winavr/bin/../lib/gcc/avr/4.3.3/../../../../avr/lib/avr4\libc.a(mul10.o)
 .text          0x00000632        0x0 c:/avr/winavr/bin/../lib/gcc/avr/4.3.3/../../../../avr/lib/avr4\libc.a(strrev.o)
                0x00000632                . = ALIGN (0x2)
 *(.text.*)
 .text.libgcc   0x00000632       0x28 c:/avr/winavr/bin/../lib/gcc/avr/4.3.3/avr4\libgcc.a(_udivmodhi4.o)
                0x00000632                __udivmodhi4
 .text.libgcc   0x0000065a       0x44 c:/avr/winavr/bin/../lib/gcc/avr/4.3.3/avr4\libgcc.a(_udivmodsi4.o)
                0x0000065a                __udivmodsi4
 .text.libgcc   0x0000069e        0x0 c:/avr/winavr/bin/../lib/gcc/avr/4.3.3/avr4\libgcc.a(_exit.o)
 .text.libgcc   0x0000069e        0x0 c:/avr/winavr/bin/../lib/gcc/avr/4.3.3/avr4\libgcc.a(_copy_data.o)
 .text.libgcc   0x0000069e        0x0 c:/avr/winavr/bin/../lib/gcc/avr/4.3.3/avr4\libgcc.a(_clear_bss.o)
 .text.avr-libc
                0x0000069e       0x3a c:/avr/winavr/bin/../lib/gcc/avr/4.3.3/../../../../avr/lib/avr4\libc.a(atoi.o)
                0x0000069e                atoi
 .text.avr-libc
                0x000006d8       0x16 c:/avr/winavr/bin/../lib/gcc/avr/4.3.3/../../../../avr/lib/avr4\libc.a(strcat.o)
                0x000006d8                strcat
 .text.avr-libc
                0x000006ee        0xe c:/avr/winavr/bin/../lib/gcc/avr/4.3.3/../../../../avr/lib/avr4\libc.a(strcpy.o)
                0x000006ee                strcpy
 .text.avr-libc
                0x000006fc       0x3e c:/avr/winavr/bin/../lib/gcc/avr/4.3.3/../../../../avr/lib/avr4\libc.a(itoa.o)
                0x000006fc                itoa
 .text.avr-libc
                0x0000073a       0x10 c:/avr/winavr/bin/../lib/gcc/avr/4.3.3/../../../../avr/lib/avr4\libc.a(mul10.o)
                0x0000073a                __mulhi_const_10
 .text.avr-libc
                0x0000074a       0x20 c:/avr/winavr/bin/../lib/gcc/avr/4.3.3/../../../../avr/lib/avr4\libc.a(strrev.o)
                0x0000074a                strrev
                0x0000076a                . = ALIGN (0x2)
 *(.fini9)
 .fini9         0x0000076a        0x0 c:/avr/winavr/bin/../lib/gcc/avr/4.3.3/avr4\libgcc.a(_exit.o)
                0x0000076a                exit
                0x0000076a                _exit
 *(.fini9)
 *(.fini8)
 *(.fini8)
 *(.fini7)
 *(.fini7)
 *(.fini6)
 *(.fini6)
 *(.fini5)
 *(.fini5)
 *(.fini4)
 *(.fini4)
 *(.fini3)
 *(.fini3)
 *(.fini2)
 *(.fini2)
 *(.fini1)
 *(.fini1)
 *(.fini0)
 .fini0         0x0000076a        0x4 c:/avr/winavr/bin/../lib/gcc/avr/4.3.3/avr4\libgcc.a(_exit.o)
 *(.fini0)
                0x0000076e                _etext = .

.data           0x00800060       0x4e load address 0x0000076e
                0x00800060                PROVIDE (__data_start, .)
 *(.data)
 .data          0x00800060        0x0 c:/avr/winavr/bin/../lib/gcc/avr/4.3.3/../../../../avr/lib/avr4/crtm8.o
 .data          0x00800060       0x4a main.o
                0x00800094                buff
 .data          0x008000aa        0x4 usart_send.o
                0x008000ac                rx_buffer_pointer_out
                0x008000aa                rx_buffer_pointer_in
 .data          0x008000ae        0x0 c:/avr/winavr/bin/../lib/gcc/avr/4.3.3/avr4\libgcc.a(_udivmodhi4.o)
 .data          0x008000ae        0x0 c:/avr/winavr/bin/../lib/gcc/avr/4.3.3/avr4\libgcc.a(_udivmodsi4.o)
 .data          0x008000ae        0x0 c:/avr/winavr/bin/../lib/gcc/avr/4.3.3/avr4\libgcc.a(_exit.o)
 .data          0x008000ae        0x0 c:/avr/winavr/bin/../lib/gcc/avr/4.3.3/avr4\libgcc.a(_copy_data.o)
 .data          0x008000ae        0x0 c:/avr/winavr/bin/../lib/gcc/avr/4.3.3/avr4\libgcc.a(_clear_bss.o)
 .data          0x008000ae        0x0 c:/avr/winavr/bin/../lib/gcc/avr/4.3.3/../../../../avr/lib/avr4\libc.a(atoi.o)
 .data          0x008000ae        0x0 c:/avr/winavr/bin/../lib/gcc/avr/4.3.3/../../../../avr/lib/avr4\libc.a(strcat.o)
 .data          0x008000ae        0x0 c:/avr/winavr/bin/../lib/gcc/avr/4.3.3/../../../../avr/lib/avr4\libc.a(strcpy.o)
 .data          0x008000ae        0x0 c:/avr/winavr/bin/../lib/gcc/avr/4.3.3/../../../../avr/lib/avr4\libc.a(itoa.o)
 .data          0x008000ae        0x0 c:/avr/winavr/bin/../lib/gcc/avr/4.3.3/../../../../avr/lib/avr4\libc.a(mul10.o)
 .data          0x008000ae        0x0 c:/avr/winavr/bin/../lib/gcc/avr/4.3.3/../../../../avr/lib/avr4\libc.a(strrev.o)
 *(.data*)
 *(.rodata)
 *(.rodata*)
 *(.gnu.linkonce.d*)
                0x008000ae                . = ALIGN (0x2)
                0x008000ae                _edata = .
                0x008000ae                PROVIDE (__data_end, .)

.bss            0x008000ae       0x21
                0x008000ae                PROVIDE (__bss_start, .)
 *(.bss)
 .bss           0x008000ae        0x0 c:/avr/winavr/bin/../lib/gcc/avr/4.3.3/../../../../avr/lib/avr4/crtm8.o
 .bss           0x008000ae        0x9 main.o
                0x008000b6                output_state
                0x008000b3                adc_irq_flag
                0x008000b1                counter_tick
                0x008000af                adc_value
                0x008000ae                channel
                0x008000b5                pwmval
                0x008000b4                int0_irq_flag
 .bss           0x008000b7        0x2 usart_send.o
                0x008000b7                buffercounter
 .bss           0x008000b9        0x0 c:/avr/winavr/bin/../lib/gcc/avr/4.3.3/avr4\libgcc.a(_udivmodhi4.o)
 .bss           0x008000b9        0x0 c:/avr/winavr/bin/../lib/gcc/avr/4.3.3/avr4\libgcc.a(_udivmodsi4.o)
 .bss           0x008000b9        0x0 c:/avr/winavr/bin/../lib/gcc/avr/4.3.3/avr4\libgcc.a(_exit.o)
 .bss           0x008000b9        0x0 c:/avr/winavr/bin/../lib/gcc/avr/4.3.3/avr4\libgcc.a(_copy_data.o)
 .bss           0x008000b9        0x0 c:/avr/winavr/bin/../lib/gcc/avr/4.3.3/avr4\libgcc.a(_clear_bss.o)
 .bss           0x008000b9        0x0 c:/avr/winavr/bin/../lib/gcc/avr/4.3.3/../../../../avr/lib/avr4\libc.a(atoi.o)
 .bss           0x008000b9        0x0 c:/avr/winavr/bin/../lib/gcc/avr/4.3.3/../../../../avr/lib/avr4\libc.a(strcat.o)
 .bss           0x008000b9        0x0 c:/avr/winavr/bin/../lib/gcc/avr/4.3.3/../../../../avr/lib/avr4\libc.a(strcpy.o)
 .bss           0x008000b9        0x0 c:/avr/winavr/bin/../lib/gcc/avr/4.3.3/../../../../avr/lib/avr4\libc.a(itoa.o)
 .bss           0x008000b9        0x0 c:/avr/winavr/bin/../lib/gcc/avr/4.3.3/../../../../avr/lib/avr4\libc.a(mul10.o)
 .bss           0x008000b9        0x0 c:/avr/winavr/bin/../lib/gcc/avr/4.3.3/../../../../avr/lib/avr4\libc.a(strrev.o)
 *(.bss*)
 *(COMMON)
 COMMON         0x008000b9       0x16 main.o
                0x008000b9                ticker
                0x008000ba                usart_status
                0x008000bb                usart_rx_buffer
                0x008000cf                PROVIDE (__bss_end, .)
                0x0000076e                __data_load_start = LOADADDR (.data)
                0x000007bc                __data_load_end = (__data_load_start + SIZEOF (.data))

.noinit         0x008000cf        0x0
                0x008000cf                PROVIDE (__noinit_start, .)
 *(.noinit*)
                0x008000cf                PROVIDE (__noinit_end, .)
                0x008000cf                _end = .
                0x008000cf                PROVIDE (__heap_start, .)

.eeprom         0x00810000        0x0
 *(.eeprom*)
                0x00810000                __eeprom_end = .

.fuse
 *(.fuse)
 *(.lfuse)
 *(.hfuse)
 *(.efuse)

.lock
 *(.lock*)

.signature
 *(.signature*)

.stab
 *(.stab)

.stabstr
 *(.stabstr)

.stab.excl
 *(.stab.excl)

.stab.exclstr
 *(.stab.exclstr)

.stab.index
 *(.stab.index)

.stab.indexstr
 *(.stab.indexstr)

.comment
 *(.comment)

.debug
 *(.debug)

.line
 *(.line)

.debug_srcinfo
 *(.debug_srcinfo)

.debug_sfnames
 *(.debug_sfnames)

.debug_aranges  0x00000000       0x40
 *(.debug_aranges)
 .debug_aranges
                0x00000000       0x20 main.o
 .debug_aranges
                0x00000020       0x20 usart_send.o

.debug_pubnames
                0x00000000      0x2c6
 *(.debug_pubnames)
 .debug_pubnames
                0x00000000      0x200 main.o
 .debug_pubnames
                0x00000200       0xc6 usart_send.o

.debug_info     0x00000000      0xa5b
 *(.debug_info)
 .debug_info    0x00000000      0x73d main.o
 .debug_info    0x0000073d      0x31e usart_send.o
 *(.gnu.linkonce.wi.*)

.debug_abbrev   0x00000000      0x3ad
 *(.debug_abbrev)
 .debug_abbrev  0x00000000      0x25d main.o
 .debug_abbrev  0x0000025d      0x150 usart_send.o

.debug_line     0x00000000      0x92e
 *(.debug_line)
 .debug_line    0x00000000      0x6cb main.o
 .debug_line    0x000006cb      0x263 usart_send.o

.debug_frame    0x00000000      0x160
 *(.debug_frame)
 .debug_frame   0x00000000      0x110 main.o
 .debug_frame   0x00000110       0x50 usart_send.o

.debug_str      0x00000000      0x342
 *(.debug_str)
 .debug_str     0x00000000      0x278 main.o
                                0x2bf (size before relaxing)
 .debug_str     0x00000278       0xca usart_send.o
                                0x206 (size before relaxing)

.debug_loc      0x00000000      0x708
 *(.debug_loc)
 .debug_loc     0x00000000      0x2f3 main.o
 .debug_loc     0x000002f3      0x415 usart_send.o

.debug_macinfo
 *(.debug_macinfo)
OUTPUT(main.elf elf32-avr)
LOAD linker stubs

.debug_ranges   0x00000000      0x150
 .debug_ranges  0x00000000      0x120 main.o
 .debug_ranges  0x00000120       0x30 usart_send.o

Cross Reference Table

Symbol                                            File
__bad_interrupt                                   c:/avr/winavr/bin/../lib/gcc/avr/4.3.3/../../../../avr/lib/avr4/crtm8.o
__bss_end                                         c:/avr/winavr/bin/../lib/gcc/avr/4.3.3/avr4\libgcc.a(_clear_bss.o)
__bss_start                                       c:/avr/winavr/bin/../lib/gcc/avr/4.3.3/avr4\libgcc.a(_clear_bss.o)
__data_end                                        c:/avr/winavr/bin/../lib/gcc/avr/4.3.3/avr4\libgcc.a(_copy_data.o)
__data_load_start                                 c:/avr/winavr/bin/../lib/gcc/avr/4.3.3/avr4\libgcc.a(_copy_data.o)
__data_start                                      c:/avr/winavr/bin/../lib/gcc/avr/4.3.3/avr4\libgcc.a(_copy_data.o)
__do_clear_bss                                    c:/avr/winavr/bin/../lib/gcc/avr/4.3.3/avr4\libgcc.a(_clear_bss.o)
                                                  usart_send.o
                                                  main.o
__do_copy_data                                    c:/avr/winavr/bin/../lib/gcc/avr/4.3.3/avr4\libgcc.a(_copy_data.o)
                                                  usart_send.o
                                                  main.o
__heap_end                                        c:/avr/winavr/bin/../lib/gcc/avr/4.3.3/../../../../avr/lib/avr4/crtm8.o
__init                                            c:/avr/winavr/bin/../lib/gcc/avr/4.3.3/../../../../avr/lib/avr4/crtm8.o
__mulhi_const_10                                  c:/avr/winavr/bin/../lib/gcc/avr/4.3.3/../../../../avr/lib/avr4\libc.a(mul10.o)
                                                  c:/avr/winavr/bin/../lib/gcc/avr/4.3.3/../../../../avr/lib/avr4\libc.a(atoi.o)
__stack                                           c:/avr/winavr/bin/../lib/gcc/avr/4.3.3/../../../../avr/lib/avr4/crtm8.o
__udivmodhi4                                      c:/avr/winavr/bin/../lib/gcc/avr/4.3.3/avr4\libgcc.a(_udivmodhi4.o)
                                                  c:/avr/winavr/bin/../lib/gcc/avr/4.3.3/../../../../avr/lib/avr4\libc.a(itoa.o)
                                                  main.o
__udivmodsi4                                      c:/avr/winavr/bin/../lib/gcc/avr/4.3.3/avr4\libgcc.a(_udivmodsi4.o)
                                                  usart_send.o
__vector_1                                        main.o
                                                  c:/avr/winavr/bin/../lib/gcc/avr/4.3.3/../../../../avr/lib/avr4/crtm8.o
__vector_10                                       c:/avr/winavr/bin/../lib/gcc/avr/4.3.3/../../../../avr/lib/avr4/crtm8.o
__vector_11                                       c:/avr/winavr/bin/../lib/gcc/avr/4.3.3/../../../../avr/lib/avr4/crtm8.o
__vector_12                                       c:/avr/winavr/bin/../lib/gcc/avr/4.3.3/../../../../avr/lib/avr4/crtm8.o
__vector_13                                       c:/avr/winavr/bin/../lib/gcc/avr/4.3.3/../../../../avr/lib/avr4/crtm8.o
__vector_14                                       main.o
                                                  c:/avr/winavr/bin/../lib/gcc/avr/4.3.3/../../../../avr/lib/avr4/crtm8.o
__vector_15                                       c:/avr/winavr/bin/../lib/gcc/avr/4.3.3/../../../../avr/lib/avr4/crtm8.o
__vector_16                                       c:/avr/winavr/bin/../lib/gcc/avr/4.3.3/../../../../avr/lib/avr4/crtm8.o
__vector_17                                       c:/avr/winavr/bin/../lib/gcc/avr/4.3.3/../../../../avr/lib/avr4/crtm8.o
__vector_18                                       c:/avr/winavr/bin/../lib/gcc/avr/4.3.3/../../../../avr/lib/avr4/crtm8.o
__vector_2                                        c:/avr/winavr/bin/../lib/gcc/avr/4.3.3/../../../../avr/lib/avr4/crtm8.o
__vector_3                                        c:/avr/winavr/bin/../lib/gcc/avr/4.3.3/../../../../avr/lib/avr4/crtm8.o
__vector_4                                        c:/avr/winavr/bin/../lib/gcc/avr/4.3.3/../../../../avr/lib/avr4/crtm8.o
__vector_5                                        c:/avr/winavr/bin/../lib/gcc/avr/4.3.3/../../../../avr/lib/avr4/crtm8.o
__vector_6                                        c:/avr/winavr/bin/../lib/gcc/avr/4.3.3/../../../../avr/lib/avr4/crtm8.o
__vector_7                                        c:/avr/winavr/bin/../lib/gcc/avr/4.3.3/../../../../avr/lib/avr4/crtm8.o
__vector_8                                        c:/avr/winavr/bin/../lib/gcc/avr/4.3.3/../../../../avr/lib/avr4/crtm8.o
__vector_9                                        main.o
                                                  c:/avr/winavr/bin/../lib/gcc/avr/4.3.3/../../../../avr/lib/avr4/crtm8.o
__vector_default                                  c:/avr/winavr/bin/../lib/gcc/avr/4.3.3/../../../../avr/lib/avr4/crtm8.o
__vectors                                         c:/avr/winavr/bin/../lib/gcc/avr/4.3.3/../../../../avr/lib/avr4/crtm8.o
_exit                                             c:/avr/winavr/bin/../lib/gcc/avr/4.3.3/avr4\libgcc.a(_exit.o)
adc_init                                          main.o
adc_irq_flag                                      main.o
adc_start_conversion                              main.o
adc_value                                         main.o
atoi                                              c:/avr/winavr/bin/../lib/gcc/avr/4.3.3/../../../../avr/lib/avr4\libc.a(atoi.o)
                                                  usart_send.o
buff                                              main.o
buffercounter                                     usart_send.o
                                                  main.o
channel                                           main.o
counter_tick                                      main.o
dim_down                                          main.o
dim_up                                            main.o
disable_int0                                      main.o
enable_int0_downendge                             main.o
enable_int0_level                                 main.o
enable_pwm                                        main.o
exit                                              c:/avr/winavr/bin/../lib/gcc/avr/4.3.3/avr4\libgcc.a(_exit.o)
                                                  c:/avr/winavr/bin/../lib/gcc/avr/4.3.3/../../../../avr/lib/avr4/crtm8.o
get_battery_state                                 main.o
int0_irq_flag                                     main.o
itoa                                              c:/avr/winavr/bin/../lib/gcc/avr/4.3.3/../../../../avr/lib/avr4\libc.a(itoa.o)
                                                  usart_send.o
main                                              main.o
                                                  c:/avr/winavr/bin/../lib/gcc/avr/4.3.3/../../../../avr/lib/avr4/crtm8.o
output_state                                      main.o
pwmval                                            main.o
rx_buffer_pointer_in                              usart_send.o
                                                  main.o
rx_buffer_pointer_out                             usart_send.o
                                                  main.o
setup                                             main.o
start_timer0                                      main.o
stop_timer0                                       main.o
strcat                                            c:/avr/winavr/bin/../lib/gcc/avr/4.3.3/../../../../avr/lib/avr4\libc.a(strcat.o)
                                                  usart_send.o
strcpy                                            c:/avr/winavr/bin/../lib/gcc/avr/4.3.3/../../../../avr/lib/avr4\libc.a(strcpy.o)
                                                  usart_send.o
strrev                                            c:/avr/winavr/bin/../lib/gcc/avr/4.3.3/../../../../avr/lib/avr4\libc.a(strrev.o)
                                                  c:/avr/winavr/bin/../lib/gcc/avr/4.3.3/../../../../avr/lib/avr4\libc.a(itoa.o)
ticker                                            main.o
usart_init                                        usart_send.o
                                                  main.o
usart_rx_buffer                                   usart_send.o
                                                  main.o
usart_status                                      usart_send.o
                                                  main.o
usart_write_P                                     usart_send.o
usart_write_char                                  usart_send.o
                                                  main.o
usart_write_str                                   usart_send.o
                                                  main.o
